app/dashboard/portfolios/page.tsx(119,7): error TS18046: 'plPerc' is of type 'unknown'.
app/dashboard/portfolios/page.tsx(120,12): error TS18046: 'plPerc' is of type 'unknown'.
app/dashboard/portfolios/page.tsx(121,12): error TS18046: 'plPerc' is of type 'unknown'.
app/dashboard/portfolios/page.tsx(122,12): error TS18046: 'plPerc' is of type 'unknown'.
app/dashboard/portfolios/page.tsx(127,9): error TS2322: Type 'unknown' is not assignable to type 'string | number | undefined'.
app/dashboard/portfolios/page.tsx(128,9): error TS2322: Type 'unknown' is not assignable to type 'string | number | undefined'.
app/dashboard/portfolios/page.tsx(129,9): error TS2322: Type 'unknown' is not assignable to type 'string | number | undefined'.
app/dashboard/portfolios/page.tsx(130,9): error TS2322: Type 'unknown' is not assignable to type 'string | number | undefined'.
app/dashboard/portfolios/page.tsx(138,8): error TS18046: 'width' is of type 'unknown'.
app/dashboard/portfolios/page.tsx(138,22): error TS18046: 'height' is of type 'unknown'.
app/dashboard/portfolios/page.tsx(139,24): error TS2322: Type 'unknown' is not assignable to type 'string | number | undefined'.
app/dashboard/portfolios/page.tsx(139,30): error TS2322: Type 'unknown' is not assignable to type 'string | number | undefined'.
app/dashboard/portfolios/page.tsx(139,36): error TS2322: Type 'unknown' is not assignable to type 'string | number | undefined'.
app/dashboard/portfolios/page.tsx(139,50): error TS2322: Type 'unknown' is not assignable to type 'string | number | undefined'.
app/dashboard/portfolios/page.tsx(142,15): error TS2322: Type 'unknown' is not assignable to type 'ReactNode'.
app/dashboard/portfolios/page.tsx(145,16): error TS18046: 'plPerc' is of type 'unknown'.
app/dashboard/portfolios/page.tsx(161,57): error TS2339: Property 'size' does not exist on type '{ name: string; value: number; }'.
app/dashboard/portfolios/page.tsx(163,75): error TS2339: Property 'plPerc' does not exist on type '{ name: string; value: number; }'.
app/dashboard/portfolios/page.tsx(164,30): error TS2339: Property 'plPerc' does not exist on type '{ name: string; value: number; }'.
app/dashboard/portfolios/page.tsx(164,59): error TS2339: Property 'plPerc' does not exist on type '{ name: string; value: number; }'.
app/dashboard/portfolios/page.tsx(720,19): error TS18046: 'e' is of type 'unknown'.
app/dashboard/portfolios/page.tsx(756,19): error TS18046: 'e' is of type 'unknown'.
app/dashboard/portfolios/page.tsx(774,19): error TS18046: 'e' is of type 'unknown'.
app/dashboard/portfolios/page.tsx(789,19): error TS18046: 'e' is of type 'unknown'.
app/dashboard/portfolios/page.tsx(1011,23): error TS2322: Type '(val: number) => [string, string]' is not assignable to type 'Formatter<ValueType, NameType> & ((value: ValueType, name: NameType, item: TooltipPayloadEntry, index: number, payload: TooltipPayload) => ReactNode | [...])'.
  Type '(val: number) => [string, string]' is not assignable to type 'Formatter<ValueType, NameType>'.
    Types of parameters 'val' and 'value' are incompatible.
      Type 'ValueType | undefined' is not assignable to type 'number'.
        Type 'undefined' is not assignable to type 'number'.
app/dashboard/portfolios/page.tsx(1012,41): error TS2304: Cannot find name 'entry'.
app/dashboard/portfolios/page.tsx(1062,23): error TS2322: Type '(val: number) => [string, string]' is not assignable to type 'Formatter<ValueType, NameType> & ((value: ValueType, name: NameType, item: TooltipPayloadEntry, index: number, payload: TooltipPayload) => ReactNode | [...])'.
  Type '(val: number) => [string, string]' is not assignable to type 'Formatter<ValueType, NameType>'.
    Types of parameters 'val' and 'value' are incompatible.
      Type 'ValueType | undefined' is not assignable to type 'number'.
        Type 'undefined' is not assignable to type 'number'.
components/dashboard/daily-price-chart-modal.tsx(200,27): error TS2322: Type '(value: number, name: string) => [string, string]' is not assignable to type 'Formatter<ValueType, NameType> & ((value: ValueType, name: NameType, item: TooltipPayloadEntry, index: number, payload: TooltipPayload) => ReactNode | [...])'.
  Type '(value: number, name: string) => [string, string]' is not assignable to type 'Formatter<ValueType, NameType>'.
    Types of parameters 'value' and 'value' are incompatible.
      Type 'ValueType | undefined' is not assignable to type 'number'.
        Type 'undefined' is not assignable to type 'number'.
components/dashboard/daily-price-chart-modal.tsx(286,31): error TS2322: Type '(value: number, name: string) => [string, string]' is not assignable to type 'Formatter<ValueType, NameType> & ((value: ValueType, name: NameType, item: TooltipPayloadEntry, index: number, payload: TooltipPayload) => ReactNode | [...])'.
  Type '(value: number, name: string) => [string, string]' is not assignable to type 'Formatter<ValueType, NameType>'.
    Types of parameters 'value' and 'value' are incompatible.
      Type 'ValueType | undefined' is not assignable to type 'number'.
        Type 'undefined' is not assignable to type 'number'.
components/dashboard/daily-price-chart-modal.tsx(354,31): error TS2322: Type '(value: number, name: string) => [string, string]' is not assignable to type 'Formatter<ValueType, NameType> & ((value: ValueType, name: NameType, item: TooltipPayloadEntry, index: number, payload: TooltipPayload) => ReactNode | [...])'.
  Type '(value: number, name: string) => [string, string]' is not assignable to type 'Formatter<ValueType, NameType>'.
    Types of parameters 'value' and 'value' are incompatible.
      Type 'ValueType | undefined' is not assignable to type 'number'.
        Type 'undefined' is not assignable to type 'number'.
